--------------------------------------------------------------------------------
Release 14.7 Trace  (lin64)
Copyright (c) 1995-2013 Xilinx, Inc.  All rights reserved.

trce -intstyle xflow -v 3 -s 4 -n 3 -fastpaths -xml top.twx top.ncd -o top.twr
top.pcf -ucf top.ucf

Design file:              top.ncd
Physical constraint file: top.pcf
Device,package,speed:     xc3s500e,fg320,-4 (PRODUCTION 1.27 2013-10-13)
Report level:             verbose report

Environment Variable      Effect 
--------------------      ------ 
NONE                      No environment variables were set
--------------------------------------------------------------------------------

INFO:Timing:3412 - To improve timing, see the Timing Closure User Guide (UG612).
INFO:Timing:2752 - To get complete path coverage, use the unconstrained paths 
   option. All paths that are not constrained will be reported in the 
   unconstrained paths section(s) of the report.

================================================================================
Timing constraint: TS_clk = PERIOD TIMEGRP "clk" 20 ns HIGH 50%;
For more information, see Period Analysis in the Timing Closure User Guide (UG612).

 351 paths analyzed, 52 endpoints analyzed, 0 failing endpoints
 0 timing errors detected. (0 setup errors, 0 hold errors, 0 component switching limit errors)
 Minimum period is   4.391ns.
--------------------------------------------------------------------------------

Paths for end point counter_25 (SLICE_X52Y61.CIN), 25 paths
--------------------------------------------------------------------------------
Slack (setup path):     15.609ns (requirement - (data path - clock path skew + uncertainty))
  Source:               counter_0 (FF)
  Destination:          counter_25 (FF)
  Requirement:          20.000ns
  Data Path Delay:      4.391ns (Levels of Logic = 13)
--------------------------------------------------------------------------------

All constraints were met.


Data Sheet report:
-----------------
All values displayed in nanoseconds (ns)

Clock to Setup on destination clock clk
---------------+---------+---------+---------+---------+
               | Src:Rise| Src:Fall| Src:Rise| Src:Fall|
Source Clock   |Dest:Rise|Dest:Rise|Dest:Fall|Dest:Fall|
---------------+---------+---------+---------+---------+
clk            |    4.391|         |         |         |
---------------+---------+---------+---------+---------+


Timing summary:
---------------

Timing errors: 0  Score: 0  (Setup/Max: 0, Hold: 0)

Constraints cover 351 paths, 0 nets, and 104 connections

Design statistics:
   Minimum period:   4.391ns{1}   (Maximum frequency: 227.739MHz)


------------------------------------Footnotes-----------------------------------
1)  The minimum period statistic assumes all single cycle delays.

Analysis completed Wed Oct 01 10:11:20 2025 
--------------------------------------------------------------------------------

Trace Settings:
-------------------------
Trace Settings 

Peak Memory Usage: 467 MB
